
[1m[46m RUN [49m[22m [36mv4.1.2 [39m[90mC:/Users/PB-Abhay/Desktop/Work/Personal/Personal projects/Chota Packet/frontend[39m

 [31mΓ¥»[39m src/components/layout/Sidebar/UserMenu.test.jsx [2m([22m[2m13 tests[22m[2m | [22m[31m12 failed[39m[2m)[22m[33m 377[2mms[22m[39m
     [32mΓ£ô[39m Renders all 9 menu items[32m 144[2mms[22m[39m
[31m     [31m├ù[31m Renders profile card with name and email[39m[32m 20[2mms[22m[39m
[31m     [31m├ù[31m Profile card shows initials when avatar is null[39m[32m 12[2mms[22m[39m
[31m     [31m├ù[31m Clicking each stub item triggers a toast[39m[32m 18[2mms[22m[39m
[31m     [31m├ù[31m Sign Out shows "not signed in" toast[39m[32m 14[2mms[22m[39m
[31m     [31m├ù[31m Escape closes the menu[39m[32m 22[2mms[22m[39m
[31m     [31m├ù[31m Outside click closes the menu[39m[32m 29[2mms[22m[39m
[31m     [31m├ù[31m Arrow Down moves focus to next item[39m[32m 14[2mms[22m[39m
[31m     [31m├ù[31m Arrow Down wraps from last to first[39m[32m 16[2mms[22m[39m
[31m     [31m├ù[31m Arrow Up wraps from first to last[39m[32m 18[2mms[22m[39m
[31m     [31m├ù[31m Enter selects focused item[39m[32m 13[2mms[22m[39m
[31m     [31m├ù[31m Focus returns to user button on close[39m[32m 36[2mms[22m[39m
[31m     [31m├ù[31m Toast does not stack on rapid item clicks[39m[32m 18[2mms[22m[39m

[2m Test Files [22m [1m[31m1 failed[39m[22m[90m (1)[39m
[2m      Tests [22m [1m[31m12 failed[39m[22m[2m | [22m[1m[32m1 passed[39m[22m[90m (13)[39m
[2m   Start at [22m 11:45:28
[2m   Duration [22m 3.28s[2m (transform 518ms, setup 135ms, import 1.29s, tests 377ms, environment 886ms)[22m

