============================= test session starts =============================
platform win32 -- Python 3.12.6, pytest-8.2.0, pluggy-1.6.0 -- C:\Python312\python.exe
cachedir: .pytest_cache
rootdir: C:\Users\PB-Abhay\Desktop\Work\Personal\Personal projects\Chota Packet\backend
configfile: pytest.ini
testpaths: tests
plugins: anyio-4.10.0, asyncio-0.23.7, cov-5.0.0, mock-3.14.0
asyncio: mode=Mode.AUTO
collecting ... collected 43 items

tests/test_models.py::TestBuildPrefix::test_default_english PASSED       [  2%]
tests/test_models.py::TestBuildPrefix::test_default_hindi PASSED         [  4%]
tests/test_models.py::TestBuildPrefix::test_style_code_english PASSED    [  6%]
tests/test_models.py::TestBuildPrefix::test_tone_formal PASSED           [  9%]
tests/test_models.py::TestBuildPrefix::test_enhancement_level_advanced PASSED [ 11%]
tests/test_models.py::TestBuildPrefix::test_style_and_tone_combined PASSED [ 13%]
tests/test_models.py::TestBuildPrefix::test_cross_lingual_hi_to_en PASSED [ 16%]
tests/test_models.py::TestBuildPrefix::test_cross_lingual_en_to_hi PASSED [ 18%]
tests/test_models.py::TestBuildPrefix::test_same_lang_no_cross_lingual_tag PASSED [ 20%]
tests/test_models.py::TestBuildPrefix::test_basic_level_no_level_tag PASSED [ 23%]
tests/test_models.py::TestHallucinationDetection::test_too_short_triggers PASSED [ 25%]
tests/test_models.py::TestHallucinationDetection::test_normal_length_passes PASSED [ 27%]
tests/test_models.py::TestHallucinationDetection::test_4gram_repeat_triggers PASSED [ 30%]
tests/test_models.py::TestHallucinationDetection::test_normal_sentence_passes PASSED [ 32%]
tests/test_models.py::TestScriptNormalization::test_devanagari_detection PASSED [ 34%]
tests/test_models.py::TestScriptNormalization::test_english_detection PASSED [ 37%]
tests/test_models.py::TestScriptNormalization::test_hinglish_detection PASSED [ 39%]
tests/test_models.py::TestMockInference::test_mock_enhance_returns_nonempty PASSED [ 41%]
tests/test_models.py::TestMockInference::test_mock_stt_english PASSED    [ 44%]
tests/test_models.py::TestMockInference::test_mock_stt_hindi PASSED      [ 46%]
tests/test_models.py::TestFfmpegCheck::test_ffmpeg_available PASSED      [ 48%]
tests/test_routes.py::TestHealthEndpoint::test_health_ok_mock_mode PASSED [ 51%]
tests/test_routes.py::TestHealthEndpoint::test_health_models_not_loaded PASSED [ 53%]
tests/test_routes.py::TestSTTEndpoint::test_stt_valid_english PASSED     [ 55%]
tests/test_routes.py::TestSTTEndpoint::test_stt_valid_hindi PASSED       [ 58%]
tests/test_routes.py::TestSTTEndpoint::test_stt_file_too_large PASSED    [ 60%]
tests/test_routes.py::TestSTTEndpoint::test_stt_invalid_mime PASSED      [ 62%]
tests/test_routes.py::TestSTTEndpoint::test_stt_models_not_loaded PASSED [ 65%]
tests/test_routes.py::TestEnhanceEndpoint::test_enhance_basic_english PASSED [ 67%]
tests/test_routes.py::TestEnhanceEndpoint::test_enhance_basic_hindi PASSED [ 69%]
tests/test_routes.py::TestEnhanceEndpoint::test_enhance_with_style PASSED [ 72%]
tests/test_routes.py::TestEnhanceEndpoint::test_enhance_with_tone PASSED [ 74%]
tests/test_routes.py::TestEnhanceEndpoint::test_enhance_with_advanced_level PASSED [ 76%]
tests/test_routes.py::TestEnhanceEndpoint::test_enhance_unknown_style_falls_back PASSED [ 79%]
tests/test_routes.py::TestEnhanceEndpoint::test_enhance_unknown_level_falls_back PASSED [ 81%]
tests/test_routes.py::TestEnhanceEndpoint::test_enhance_variant_mode PASSED [ 83%]
tests/test_routes.py::TestEnhanceEndpoint::test_enhance_models_not_loaded PASSED [ 86%]
tests/test_routes.py::TestEnhanceEndpoint::test_enhance_empty_text_rejected PASSED [ 88%]
tests/test_routes.py::TestEnhanceEndpoint::test_enhance_cloud_without_key_header PASSED [ 90%]
tests/test_routes.py::TestValidateKeyEndpoint::test_validate_key_bad_format PASSED [ 93%]
tests/test_routes.py::TestValidateKeyEndpoint::test_validate_key_format_check PASSED [ 95%]
tests/test_routes.py::TestModelsEndpoint::test_models_without_key_returns_local_only PASSED [ 97%]
tests/test_routes.py::TestModelsEndpoint::test_models_with_key_uses_static_fallback PASSED [100%]

---------- coverage: platform win32, python 3.12.6-final-0 -----------
Name                     Stmts   Miss  Cover   Missing
------------------------------------------------------
enhancement_prompts.py       8      1    88%   101
models.py                  148     65    56%   92-131, 149, 307-348, 384-437
routes.py                  173     71    59%   81-82, 129, 167, 177, 187-192, 196, 234, 247-255, 279-352, 383-389, 396-405, 438-457, 471-477
------------------------------------------------------
TOTAL                      329    137    58%

FAIL Required test coverage of 80% not reached. Total coverage: 58.36%

============================= 43 passed in 3.93s ==============================
